2025-11-01 23:49:55,584 - TrainingJobMonitor - INFO - 📋 Project started
2025-11-01 23:49:55,585 - TrainingJobMonitor - INFO - 🔄 Group iteration started with 2 iterations
2025-11-01 23:49:55,586 - TrainingJobMonitor - INFO - 🔢 Iteration 1 started
2025-11-01 23:49:55,587 - TrainingJobMonitor - INFO - 🎯 Trajectory generation started for iteration 1
2025-11-01 23:49:55,589 - TrainingJobMonitor - INFO - ✅ Trajectory generation completed in 2.31 min
2025-11-01 23:49:55,590 - TrainingJobMonitor - INFO - 🏋️ Training started for iteration 1
2025-11-01 23:49:55,592 - TrainingJobMonitor - INFO - 📊 Epoch 1 completed - Loss: 0.0
2025-11-01 23:49:55,593 - TrainingJobMonitor - INFO - ✅ Training completed in 1.14 min
2025-11-01 23:49:55,594 - TrainingJobMonitor - INFO - 📈 Evaluation started for iteration 1
2025-11-01 23:49:55,595 - TrainingJobMonitor - INFO - 📊 Evaluation metrics recorded: {'think_reward': {'count': 0.0, 'total': 2, 'percentage': 0.0}, 'answer_reward': {'count': 0.0, 'total': 2, 'percentage': 0.0}, 'format_reward': {'count': 0.0, 'total': 2, 'percentage': 0.0}, 'thinking_length_reward': {'count': 0.0, 'total': 2, 'percentage': 0.0}, 'total_reward': {'count': 0.0, 'total': 2, 'percentage': 0.0}}
2025-11-01 23:49:55,596 - TrainingJobMonitor - INFO - ✅ Evaluation completed in 0.82 min
2025-11-01 23:49:55,597 - TrainingJobMonitor - INFO - ✅ Iteration 1 completed
2025-11-01 23:49:55,598 - TrainingJobMonitor - INFO - 🔢 Iteration 2 started
2025-11-01 23:49:55,599 - TrainingJobMonitor - INFO - 🎯 Trajectory generation started for iteration 2
2025-11-01 23:49:55,600 - TrainingJobMonitor - INFO - ✅ Trajectory generation completed in 2.23 min
2025-11-01 23:49:55,602 - TrainingJobMonitor - INFO - 🏋️ Training started for iteration 2
2025-11-01 23:49:55,603 - TrainingJobMonitor - INFO - 📊 Epoch 1 completed - Loss: 0.0
2025-11-01 23:49:55,605 - TrainingJobMonitor - INFO - ✅ Training completed in 1.12 min
2025-11-01 23:49:55,606 - TrainingJobMonitor - INFO - 📈 Evaluation started for iteration 2
2025-11-01 23:49:55,606 - TrainingJobMonitor - INFO - 📊 Evaluation metrics recorded: {'think_reward': {'count': 0.0, 'total': 2, 'percentage': 0.0}, 'answer_reward': {'count': 0.0, 'total': 2, 'percentage': 0.0}, 'format_reward': {'count': 0.0, 'total': 2, 'percentage': 0.0}, 'thinking_length_reward': {'count': 0.0, 'total': 2, 'percentage': 0.0}, 'total_reward': {'count': 0.0, 'total': 2, 'percentage': 0.0}}
2025-11-01 23:49:55,607 - TrainingJobMonitor - INFO - ✅ Evaluation completed in 0.78 min
2025-11-01 23:49:55,608 - TrainingJobMonitor - INFO - ✅ Iteration 2 completed
2025-11-01 23:49:55,609 - TrainingJobMonitor - INFO - ✅ Project completed
[CONFIG] Server will run on 0.0.0.0:8001
[CONFIG] Environment PORT: Not set
[CONFIG] Final port value: 8001
2025-11-01 23:49:55

🚀 Starting TrainingJobMonitor Test

✅ Created test job: 4dc9dd7d-cb9b-4be5-9f0c-fdea08d622cb
✅ Found log file: models/global.json
📝 Log file contains 46 events
✅ Created TrainingJobMonitor

📝 Processing log file...


✅ Finished processing log file

================================================================================
DATABASE STATE AFTER PROCESSING GLOBAL.JSON
================================================================================

📋 TRAINING JOB:
   UUID: 4dc9dd7d-cb9b-4be5-9f0c-fdea08d622cb
   Project ID: classify_spam_local
   Training Run ID: test_run_001
   Status: completed
   Created At: 2025-11-01 16:48:42+00:00
   Completed At: 2025-11-01 16:57:06+00:00
   Time Taken: 504 seconds (8.40 minutes)

   Training Config:
      project_name: classify_spam_local
      no_iterations: 2
      start_iteration: 1
      trajectory_count: 2
      topk: 1
      save_every_epoch: 1
      accumulation_steps: 1
      no_epochs: 1
      prev_training_name: None
      prev_model_epoch: None
      max_new_tokens: 2
      ref_model_name: deepseek-ai/DeepSeek-R1-Distill-Qwen-1.5B
      model_name: deepseek-ai/DeepSeek-R1-Distill-Qwen-1.5B
      reward: classify_text
      topk_trajectory: 50
      loss: grpo

🔄 TRAINING ITERATIONS (8 total):

   ━━━ Iteration 1 ━━━
       Type: iteration (Main)
       UUID: c56ee08a-b288-441e-935e-159e2f1904f6
       Created: 2025-11-01 16:48:42+00:00
       Completed: 2025-11-01 16:52:59+00:00
       Time Taken: 4.27 minutes
       Step Config: {
          "project_name": "classify_spam_local",
          "no_iterations": 2,
          "start_iteration": 1,
          "current_iteration": 1,
          "model_name": "deepseek-ai/DeepSeek-R1-Dist...

       ├── Step: traj_gen
           UUID: 845422e2-1f61-44ac-8781-0059754c1f85
           Created: 2025-11-01 16:48:42+00:00
           Completed: 2025-11-01 16:51:01+00:00
           Step Time: 2.31 minutes
           Step Config: {
              "project_name": "classify_spam_local",
              "trajectory_name": "run_1",
              "trajectory_count": 2,
              "ref_model_name": "deepseek-ai/DeepSeek-R1-Distill-Q...

       ├── Step: training
           UUID: 1a5d6abb-f50e-4db0-8f59-cdd70c16b858
           Created: 2025-11-01 16:51:01+00:00
           Completed: 2025-11-01 16:52:09+00:00
           Step Time: 1.14 minutes
           Step Config: {
              "project_name": "classify_spam_local",
              "trajectory_name": "run_1",
              "training_name": "run_1",
              "no_epochs": 1,
              "save_every_epoch":...

       ├── Step: evaluation
           UUID: 230126a4-59b7-40c0-9a01-e221ae44ce54
           Created: 2025-11-01 16:52:09+00:00
           Completed: 2025-11-01 16:52:59+00:00
           Step Time: 0.82 minutes
           Step Config: {
              "project_name": "classify_spam_local",
              "training_name": "run_1",
              "dataset": "cv",
              "reward": "classify_text",
              "topk_eval": 1,
   ...

   ━━━ Iteration 2 ━━━
       Type: iteration (Main)
       UUID: c7d41d1f-7cd3-4d69-98b7-142dac5ecec8
       Created: 2025-11-01 16:52:59+00:00
       Completed: 2025-11-01 16:57:06+00:00
       Time Taken: 4.13 minutes
       Step Config: {
          "project_name": "classify_spam_local",
          "no_iterations": 2,
          "start_iteration": 1,
          "current_iteration": 2,
          "model_name": "deepseek-ai/DeepSeek-R1-Dist...

       ├── Step: traj_gen
           UUID: a124e81f-c420-45e0-b6e8-fa11cad92aac
           Created: 2025-11-01 16:52:59+00:00
           Completed: 2025-11-01 16:55:12+00:00
           Step Time: 2.23 minutes
           Step Config: {
              "project_name": "classify_spam_local",
              "trajectory_name": "run_2",
              "trajectory_count": 2,
              "ref_model_name": "deepseek-ai/DeepSeek-R1-Distill-Q...

       ├── Step: training
           UUID: f4ce025d-d694-48d5-a3d5-61d4be58fa2a
           Created: 2025-11-01 16:55:12+00:00
           Completed: 2025-11-01 16:56:19+00:00
           Step Time: 1.12 minutes
           Step Config: {
              "project_name": "classify_spam_local",
              "trajectory_name": "run_2",
              "training_name": "run_2",
              "no_epochs": 1,
              "save_every_epoch":...

       ├── Step: evaluation
           UUID: 6df8765b-8438-4b25-9ea1-1a9f7aba26c5
           Created: 2025-11-01 16:56:19+00:00
           Completed: 2025-11-01 16:57:06+00:00
           Step Time: 0.78 minutes
           Step Config: {
              "project_name": "classify_spam_local",
              "training_name": "run_2",
              "dataset": "cv",
              "reward": "classify_text",
              "topk_eval": 1,
   ...

📊 EPOCH TRAINING (2 total):
   Iteration 1, Epoch 1:
       UUID: 8272e28a-fb52-4ad1-82c0-bae54dc7f356
       Metrics: {'avg_loss': 0.0}
   Iteration 2, Epoch 1:
       UUID: 1e79db0e-dda9-4d0e-a16a-4163d5a28fe8
       Metrics: {'avg_loss': 0.0}

📈 EVALUATIONS (2 total):
   Model: iteration_1
       UUID: db5e8fa4-754a-403d-96ca-283fe71503bf
       Dataset: cv
       Metrics:
           think_reward: {'count': 0.0, 'total': 2, 'percentage': 0.0}
           answer_reward: {'count': 0.0, 'total': 2, 'percentage': 0.0}
           format_reward: {'count': 0.0, 'total': 2, 'percentage': 0.0}
           thinking_length_reward: {'count': 0.0, 'total': 2, 'percentage': 0.0}
           total_reward: {'count': 0.0, 'total': 2, 'percentage': 0.0}
       Eval Data Path: output/classify_spam_local/training/run_1/eval/metrics_cv_epoch_1.json
   Model: iteration_2
       UUID: ffc7fe87-3f4d-439c-996c-e50c4fe9e9ac
       Dataset: cv
       Metrics:
           think_reward: {'count': 0.0, 'total': 2, 'percentage': 0.0}
           answer_reward: {'count': 0.0, 'total': 2, 'percentage': 0.0}
           format_reward: {'count': 0.0, 'total': 2, 'percentage': 0.0}
           thinking_length_reward: {'count': 0.0, 'total': 2, 'percentage': 0.0}
           total_reward: {'count': 0.0, 'total': 2, 'percentage': 0.0}
       Eval Data Path: output/classify_spam_local/training/run_2/eval/metrics_cv_epoch_1.json

================================================================================

📊 SUMMARY:
   Job Status: completed
   Total Iterations/Steps: 8
   Total Epochs: 2
   Total Evaluations: 2
   Job Duration: 504 seconds

✅ Test completed successfully!

